
Clover EFI installer log - Tue Oct 23 03:39:42 +07 2018
Installer version: v2.4k r4200 EFI bootloader
======================================================
/dev/disk0 (internal, physical):
   #:                       TYPE NAME                    SIZE       IDENTIFIER
   0:     FDisk_partition_scheme                        *240.1 GB   disk0
   1:               Windows_NTFS WIN                     53.2 GB    disk0s1
   2:                  Apple_HFS MacOS                   132.6 GB   disk0s3
   3:                 DOS_FAT_32 EFI                     536.9 MB   disk0s5
   4:               Windows_NTFS DATA                    53.7 GB    disk0s6

/dev/disk1 (external, physical):
   #:                       TYPE NAME                    SIZE       IDENTIFIER
   0:      GUID_partition_scheme                        *16.0 GB    disk1
   1:                        EFI EFI                     209.7 MB   disk1s1
   2:                  Apple_HFS InstallerMacUSB         15.7 GB    disk1s2

======================================================
Backing up EFI files

Backing up stage2 file /Volumes/MacOS/EFIROOTDIR/boot  to /Volumes/MacOS/EFI-Backups/r4200/2018-10-23-03h39/boot
Backing up /Volumes/MacOS/EFIROOTDIR/EFI folder to /Volumes/MacOS/EFI-Backups/r4200/2018-10-23-03h39/EFI
Current Active Partition: 3

Stage 0 - Writting boot0af to /dev/disk0
//usr/local/bin/fdisk440 -u -f //usr/standalone/i386/boot0af -y /dev/disk0

Stage 1 - Writting boot1h to /dev/rdisk0s3
File system is HFS.
dd if=/tmp/boot1h of=/dev/rdisk0s3

Setup Active Partition to be: 3
New Active Partition: 3

Stage 2 - Written boot6 (x64) to //boot

======================================================
=========== Clover EFI Installation Finish ===========
======================================================
